\BOOKMARK [1][-]{Doc-Start}{\376\377\000N\000o\000m\000e\000n\000c\000l\000a\000t\000u\000r\000a}{}% 1
\BOOKMARK [1][-]{section.1}{\376\377\000I\000n\000t\000r\000o\000d\000u\000\347\000\343\000o}{}% 2
\BOOKMARK [1][-]{section.2}{\376\377\000V\000i\000d\000a\000\040\000\372\000t\000i\000l\000\040\000d\000e\000\040\000e\000s\000t\000r\000u\000t\000u\000r\000a\000s\000\040\000d\000e\000\040\000c\000o\000n\000c\000r\000e\000t\000o\000\040\000a\000r\000m\000a\000d\000o}{}% 3
\BOOKMARK [2][-]{subsection.2.1}{\376\377\000D\000e\000g\000r\000a\000d\000a\000\347\000\343\000o\000,\000\040\000v\000i\000d\000a\000\040\000\372\000t\000i\000l\000\040\000e\000\040\000o\000\040\000m\000o\000d\000e\000l\000o\000\040\000d\000e\000\040\000T\000u\000u\000t\000t\000i}{section.2}% 4
\BOOKMARK [2][-]{subsection.2.2}{\376\377\000C\000a\000r\000b\000o\000n\000a\000t\000a\000\347\000\343\000o\000:\000\040\000f\000e\000n\000o\000m\000e\000n\000o\000l\000o\000g\000i\000a}{section.2}% 5
\BOOKMARK [2][-]{subsection.2.3}{\376\377\000E\000x\000p\000o\000s\000i\000\347\000\343\000o\000\040\000a\000m\000b\000i\000e\000n\000t\000a\000l\000:\000\040\000c\000o\000n\000c\000e\000n\000t\000r\000a\000\347\000\343\000o\000\040\000a\000t\000m\000o\000s\000f\000\351\000r\000i\000c\000a\000\040\000d\000e\000\040\000C\000O\0002}{section.2}% 6
\BOOKMARK [2][-]{subsection.2.4}{\376\377\000M\000o\000d\000e\000l\000o\000s\000\040\000d\000e\000\040\000p\000r\000e\000v\000i\000s\000\343\000o\000\040\000d\000a\000\040\000p\000r\000o\000f\000u\000n\000d\000i\000d\000a\000d\000e\000\040\000d\000e\000\040\000c\000a\000r\000b\000o\000n\000a\000t\000a\000\347\000\343\000o}{section.2}% 7
\BOOKMARK [2][-]{subsection.2.5}{\376\377\000V\000i\000d\000a\000\040\000\372\000t\000i\000l\000\040\000r\000e\000m\000a\000n\000e\000s\000c\000e\000n\000t\000e}{section.2}% 8
\BOOKMARK [1][-]{section.3}{\376\377\000E\000m\000u\000l\000a\000d\000o\000r\000e\000s\000\040\000e\000s\000t\000o\000c\000\341\000s\000t\000i\000c\000o\000s\000\040\000e\000\040\000a\000p\000r\000e\000n\000d\000i\000z\000a\000d\000o\000\040\000d\000e\000\040\000m\000\341\000q\000u\000i\000n\000a}{}% 9
\BOOKMARK [2][-]{subsection.3.1}{\376\377\000S\000i\000m\000u\000l\000a\000d\000o\000r\000e\000s\000\040\000e\000s\000t\000o\000c\000\341\000s\000t\000i\000c\000o\000s}{section.3}% 10
\BOOKMARK [2][-]{subsection.3.2}{\376\377\000D\000i\000s\000t\000r\000i\000b\000u\000i\000\347\000\343\000o\000\040\000L\000a\000m\000b\000d\000a\000\040\000G\000e\000n\000e\000r\000a\000l\000i\000z\000a\000d\000a}{section.3}% 11
\BOOKMARK [2][-]{subsection.3.3}{\376\377\000E\000s\000t\000i\000m\000a\000\347\000\343\000o\000\040\000d\000e\000\040\000p\000a\000r\000\342\000m\000e\000t\000r\000o\000s\000\040\000v\000i\000a\000\040\000m\000\351\000t\000o\000d\000o\000\040\000d\000o\000s\000\040\000m\000o\000m\000e\000n\000t\000o\000s}{section.3}% 12
\BOOKMARK [2][-]{subsection.3.4}{\376\377\000A\000c\000o\000p\000l\000a\000m\000e\000n\000t\000o\000\040\000c\000o\000m\000\040\000a\000\040\000E\000x\000p\000a\000n\000s\000\343\000o\000\040\000e\000m\000\040\000C\000a\000o\000s\000\040\000P\000o\000l\000i\000n\000o\000m\000i\000a\000l}{section.3}% 13
\BOOKMARK [2][-]{subsection.3.5}{\376\377\000A\000p\000r\000e\000n\000d\000i\000z\000a\000d\000o\000\040\000d\000e\000\040\000m\000\341\000q\000u\000i\000n\000a\000\040\000c\000o\000m\000o\000\040\000c\000a\000m\000a\000d\000a\000\040\000t\000e\000m\000p\000o\000r\000a\000l}{section.3}% 14
\BOOKMARK [3][-]{subsubsection.3.5.1}{\376\377\000R\000e\000g\000r\000e\000s\000s\000\343\000o\000\040\000s\000u\000p\000e\000r\000v\000i\000s\000i\000o\000n\000a\000d\000a\000\040\000d\000e\000\040\000m\000\372\000l\000t\000i\000p\000l\000a\000s\000\040\000s\000a\000\355\000d\000a\000s}{subsection.3.5}% 15
\BOOKMARK [3][-]{subsubsection.3.5.2}{\376\377\000R\000e\000d\000e\000s\000\040\000n\000e\000u\000r\000a\000i\000s\000\040\000a\000r\000t\000i\000f\000i\000c\000i\000a\000i\000s}{subsection.3.5}% 16
\BOOKMARK [1][-]{section.4}{\376\377\000M\000e\000t\000o\000d\000o\000l\000o\000g\000i\000a}{}% 17
\BOOKMARK [2][-]{subsection.4.1}{\376\377\000S\000i\000m\000u\000l\000a\000d\000o\000r\000\040\000e\000s\000t\000o\000c\000\341\000s\000t\000i\000c\000o}{section.4}% 18
\BOOKMARK [3][-]{subsubsection.4.1.1}{\376\377\000F\000u\000n\000\347\000\343\000o\000\040\000d\000e\000\040\000e\000s\000t\000a\000d\000o\000\040\000l\000i\000m\000i\000t\000e\000\040\000d\000e\000\040\000d\000e\000s\000p\000a\000s\000s\000i\000v\000a\000\347\000\343\000o}{subsection.4.1}% 19
\BOOKMARK [3][-]{subsubsection.4.1.2}{\376\377\000P\000a\000r\000a\000m\000e\000t\000r\000i\000z\000a\000\347\000\343\000o\000\040\000a\000d\000o\000t\000a\000d\000a}{subsection.4.1}% 20
\BOOKMARK [3][-]{subsubsection.4.1.3}{\376\377\000T\000r\000a\000j\000e\000t\000\363\000r\000i\000a\000\040\000d\000e\000\040\000C\000O\0002\000\040\000e\000\040\000i\000d\000a\000d\000e\000\040\000d\000a\000\040\000e\000s\000t\000r\000u\000t\000u\000r\000a}{subsection.4.1}% 21
\BOOKMARK [2][-]{subsection.4.2}{\376\377\000C\000o\000n\000s\000t\000r\000u\000\347\000\343\000o\000\040\000d\000o\000\040\000e\000m\000u\000l\000a\000d\000o\000r\000\040\000d\000e\000p\000e\000n\000d\000e\000n\000t\000e\000\040\000d\000o\000\040\000t\000e\000m\000p\000o}{section.4}% 22
\BOOKMARK [3][-]{subsubsection.4.2.1}{\376\377\000P\000l\000a\000n\000o\000\040\000d\000e\000\040\000e\000x\000p\000e\000r\000i\000m\000e\000n\000t\000o\000s\000\040\000e\000\040\000a\000j\000u\000s\000t\000e\000\040\000l\000o\000c\000a\000l}{subsection.4.2}% 23
\BOOKMARK [3][-]{subsubsection.4.2.2}{\376\377\000E\000m\000u\000l\000a\000\347\000\343\000o\000\040\000d\000e\000p\000e\000n\000d\000e\000n\000t\000e\000\040\000d\000o\000\040\000t\000e\000m\000p\000o}{subsection.4.2}% 24
\BOOKMARK [3][-]{subsubsection.4.2.3}{\376\377\000M\000\351\000t\000r\000i\000c\000a\000s\000\040\000d\000e\000\040\000v\000a\000l\000i\000d\000a\000\347\000\343\000o\000\040\000d\000o\000\040\000e\000m\000u\000l\000a\000d\000o\000r}{subsection.4.2}% 25
\BOOKMARK [2][-]{subsection.4.3}{\376\377\000D\000a\000\040\000d\000i\000s\000t\000r\000i\000b\000u\000i\000\347\000\343\000o\000\040\000e\000m\000u\000l\000a\000d\000a\000\040\000\340\000\040\000v\000i\000d\000a\000\040\000\372\000t\000i\000l\000\040\000r\000e\000m\000a\000n\000e\000s\000c\000e\000n\000t\000e}{section.4}% 26
\BOOKMARK [3][-]{subsubsection.4.3.1}{\376\377\000P\000r\000o\000b\000a\000b\000i\000l\000i\000d\000a\000d\000e\000\040\000d\000e\000\040\000f\000a\000l\000h\000a\000\040\000p\000o\000r\000\040\000i\000n\000v\000e\000r\000s\000\343\000o\000\040\000d\000a\000\040\000f\000u\000n\000\347\000\343\000o\000\040\000q\000u\000a\000n\000t\000\355\000l\000i\000c\000a}{subsection.4.3}% 27
\BOOKMARK [3][-]{subsubsection.4.3.2}{\376\377\000D\000i\000s\000t\000r\000i\000b\000u\000i\000\347\000\343\000o\000\040\000d\000e\000\040\000R\000U\000L\000\040\000e\000\040\000m\000\351\000t\000r\000i\000c\000a\000s\000\040\000d\000e\000\040\000r\000i\000s\000c\000o}{subsection.4.3}% 28
\BOOKMARK [3][-]{subsubsection.4.3.3}{\376\377\000M\000o\000d\000e\000l\000a\000g\000e\000m\000\040\000d\000e\000\040\000i\000n\000t\000e\000r\000v\000e\000n\000\347\000\365\000e\000s\000\040\000d\000e\000\040\000m\000a\000n\000u\000t\000e\000n\000\347\000\343\000o}{subsection.4.3}% 29
\BOOKMARK [1][-]{section.5}{\376\377\000R\000e\000s\000u\000l\000t\000a\000d\000o\000s\000\040\000e\000\040\000d\000i\000s\000c\000u\000s\000s\000\343\000o}{}% 30
\BOOKMARK [2][-]{subsection.5.1}{\376\377\000V\000e\000r\000i\000f\000i\000c\000a\000\347\000\343\000o\000\040\000d\000a\000\040\000b\000i\000b\000l\000i\000o\000t\000e\000c\000a\000\040\000P\000y\000G\000L\000A\000M}{section.5}% 31
\BOOKMARK [3][-]{subsubsection.5.1.1}{\376\377\000P\000r\000o\000c\000e\000d\000i\000m\000e\000n\000t\000o}{subsection.5.1}% 32
\BOOKMARK [3][-]{subsubsection.5.1.2}{\376\377\000R\000e\000s\000u\000l\000t\000a\000d\000o\000s}{subsection.5.1}% 33
\BOOKMARK [3][-]{subsubsection.5.1.3}{\376\377\000O\000\040\000l\000i\000m\000i\000t\000e\000\040\000e\000s\000t\000r\000u\000t\000u\000r\000a\000l\000\040\000d\000a\000\040\000f\000a\000m\000\355\000l\000i\000a\000\040\000G\000L\000D}{subsection.5.1}% 34
\BOOKMARK [2][-]{subsection.5.2}{\376\377\000E\000x\000e\000m\000p\000l\000o\000\040\0001\000:\000\040\000v\000e\000r\000i\000f\000i\000c\000a\000\347\000\343\000o\000\040\000e\000m\000\040\000p\000r\000o\000b\000l\000e\000m\000a\000\040\000d\000e\000\040\000r\000e\000f\000e\000r\000\352\000n\000c\000i\000a}{section.5}% 35
\BOOKMARK [3][-]{subsubsection.5.2.1}{\376\377\000C\000o\000n\000f\000i\000g\000u\000r\000a\000\347\000\343\000o\000\040\000d\000a\000s\000\040\000s\000i\000m\000u\000l\000a\000\347\000\365\000e\000s\000,\000\040\000r\000e\000p\000r\000e\000s\000e\000n\000t\000a\000\347\000\343\000o\000\040\000d\000a\000\040\000G\000L\000D\000\040\000e\000\040\000g\000a\000n\000h\000o\000\040\000c\000o\000m\000p\000u\000t\000a\000c\000i\000o\000n\000a\000l}{subsection.5.2}% 36
\BOOKMARK [3][-]{subsubsection.5.2.2}{\376\377\000C\000a\000m\000a\000d\000a\000\040\000t\000e\000m\000p\000o\000r\000a\000l\000\040\000d\000e\000\040\000a\000p\000r\000e\000n\000d\000i\000z\000a\000d\000o\000\040\000d\000e\000\040\000m\000\341\000q\000u\000i\000n\000a}{subsection.5.2}% 37
\BOOKMARK [3][-]{subsubsection.5.2.3}{\376\377\000P\000r\000o\000p\000a\000g\000a\000\347\000\343\000o\000\040\000d\000e\000\040\000i\000n\000c\000e\000r\000t\000e\000z\000a\000:\000\040\000P\000C\000E\000\040\000v\000e\000r\000s\000u\000s\000\040\000r\000e\000d\000e\000\040\000n\000e\000u\000r\000a\000l}{subsection.5.2}% 38
\BOOKMARK [3][-]{subsubsection.5.2.4}{\376\377\000V\000i\000d\000a\000\040\000\372\000t\000i\000l\000\040\000r\000e\000m\000a\000n\000e\000s\000c\000e\000n\000t\000e}{subsection.5.2}% 39
\BOOKMARK [2][-]{subsection.5.3}{\376\377\000E\000x\000e\000m\000p\000l\000o\000\040\0002\000\040\040\024\000\040\000R\000U\000L\000\040\000p\000r\000o\000b\000a\000b\000i\000l\000\355\000s\000t\000i\000c\000a\000\040\000d\000e\000\040\000v\000i\000g\000a\000\040\000d\000e\000\040\000c\000o\000n\000c\000r\000e\000t\000o\000\040\000a\000r\000m\000a\000d\000o\000\040\000s\000o\000b\000\040\000c\000a\000r\000b\000o\000n\000a\000t\000a\000\347\000\343\000o}{section.5}% 40
\BOOKMARK [3][-]{subsubsection.5.3.1}{\376\377\000D\000e\000f\000i\000n\000i\000\347\000\343\000o\000\040\000d\000o\000\040\000p\000r\000o\000b\000l\000e\000m\000a}{subsection.5.3}% 41
\BOOKMARK [3][-]{subsubsection.5.3.2}{\376\377\000T\000r\000e\000i\000n\000a\000m\000e\000n\000t\000o\000\040\000d\000o\000\040\000e\000m\000u\000l\000a\000d\000o\000r}{subsection.5.3}% 42
\BOOKMARK [3][-]{subsubsection.5.3.3}{\376\377\000V\000a\000l\000i\000d\000a\000\347\000\343\000o\000\040\000e\000m\000\040\000i\000n\000s\000t\000a\000n\000t\000e\000s\000\040\000n\000\343\000o\000\040\000v\000i\000s\000t\000o\000s}{subsection.5.3}% 43
\BOOKMARK [3][-]{subsubsection.5.3.4}{\376\377\000E\000v\000o\000l\000u\000\347\000\343\000o\000\040\000d\000a\000\040\000c\000o\000n\000f\000i\000a\000b\000i\000l\000i\000d\000a\000d\000e\000\040\000e\000\040\000R\000U\000L\000\040\000p\000r\000o\000b\000a\000b\000i\000l\000\355\000s\000t\000i\000c\000a}{subsection.5.3}% 44
\BOOKMARK [3][-]{subsubsection.5.3.5}{\376\377\000A\000n\000\341\000l\000i\000s\000e\000\040\000d\000e\000\040\000s\000e\000n\000s\000i\000b\000i\000l\000i\000d\000a\000d\000e\000\040\000e\000\040\000c\000u\000s\000t\000o\000\040\000c\000o\000m\000p\000u\000t\000a\000c\000i\000o\000n\000a\000l}{subsection.5.3}% 45
\BOOKMARK [2][-]{subsection.5.4}{\376\377\000E\000x\000e\000m\000p\000l\000o\000\040\0003\000\040\040\024\000\040\000C\000e\000n\000\341\000r\000i\000o\000\040\000c\000o\000m\000\040\000i\000n\000t\000e\000r\000v\000e\000n\000\347\000\343\000o\000\040\000d\000e\000\040\000m\000a\000n\000u\000t\000e\000n\000\347\000\343\000o}{section.5}% 46
\BOOKMARK [3][-]{subsubsection.5.4.1}{\376\377\000C\000e\000n\000\341\000r\000i\000o\000s\000\040\000a\000n\000a\000l\000i\000s\000a\000d\000o\000s}{subsection.5.4}% 47
\BOOKMARK [3][-]{subsubsection.5.4.2}{\376\377\000T\000r\000a\000j\000e\000t\000\363\000r\000i\000a\000s\000\040\000e\000\040\000g\000a\000n\000h\000o\000\040\000d\000e\000\040\000v\000i\000d\000a\000\040\000\372\000t\000i\000l}{subsection.5.4}% 48
\BOOKMARK [3][-]{subsubsection.5.4.3}{\376\377\000D\000i\000s\000c\000u\000s\000s\000\343\000o\000\040\000g\000e\000r\000a\000l}{subsection.5.4}% 49
\BOOKMARK [1][-]{section.6}{\376\377\000C\000o\000n\000c\000l\000u\000s\000\365\000e\000s}{}% 50
\BOOKMARK [1][-]{Item.10}{\376\377\000C\000o\000n\000f\000l\000i\000t\000o\000s\000\040\000d\000e\000\040\000i\000n\000t\000e\000r\000e\000s\000s\000e}{}% 51
\BOOKMARK [1][-]{appendix.1.A}{\376\377\000E\000x\000e\000m\000p\000l\000o\000\040\000d\000e\000\040\000v\000e\000r\000i\000f\000i\000c\000a\000\347\000\343\000o\000\040\000p\000a\000r\000a\000\040\000u\000m\000\040\000p\000a\000s\000s\000o\000\040\000d\000e\000\040\000t\000e\000m\000p\000o}{}% 52
\BOOKMARK [2][-]{subsection.1.A.1}{\376\377\000V\000e\000r\000i\000f\000i\000c\000a\000\347\000\343\000o\000\040\000d\000a\000\040\000c\000a\000r\000b\000o\000n\000a\000t\000a\000\347\000\343\000o}{appendix.1.A}% 53
\BOOKMARK [2][-]{subsection.1.A.2}{\376\377\000T\000a\000x\000a\000\040\000d\000e\000\040\000c\000o\000r\000r\000o\000s\000\343\000o\000\040\000a\000j\000u\000s\000t\000a\000d\000a}{appendix.1.A}% 54
\BOOKMARK [2][-]{subsection.1.A.3}{\376\377\000P\000e\000r\000d\000a\000\040\000d\000e\000\040\000d\000i\000\342\000m\000e\000t\000r\000o\000\040\000e\000\040\000\341\000r\000e\000a\000\040\000e\000f\000e\000t\000i\000v\000a}{appendix.1.A}% 55
\BOOKMARK [2][-]{subsection.1.A.4}{\376\377\000M\000o\000m\000e\000n\000t\000o\000\040\000r\000e\000s\000i\000s\000t\000e\000n\000t\000e\000\040\000d\000e\000g\000r\000a\000d\000a\000d\000o\000\040\000e\000\040\000c\000o\000e\000f\000i\000c\000i\000e\000n\000t\000e\000\040\000d\000e\000\040\000a\000d\000e\000r\000\352\000n\000c\000i\000a}{appendix.1.A}% 56
\BOOKMARK [2][-]{subsection.1.A.5}{\376\377\000M\000a\000r\000g\000e\000m\000\040\000d\000e\000\040\000s\000e\000g\000u\000r\000a\000n\000\347\000a}{appendix.1.A}% 57
\BOOKMARK [1][-]{appendix.1.B}{\376\377\000M\000a\000t\000e\000r\000i\000a\000l\000\040\000s\000u\000p\000l\000e\000m\000e\000n\000t\000a\000r}{}% 58
